\BOOKMARK [1][-]{section.1}{\376\377\225\356\230\230\226\110\217\360\116\016\176\317\121\170\000\040\000I\000R\000D}{}% 1
\BOOKMARK [2][-]{subsection.1.1}{\376\377\123\357\217\276\140\047\116\016\220\006\123\357\217\276\140\047}{section.1}% 2
\BOOKMARK [2][-]{subsection.1.2}{\376\377\000I\000R\000D\000P\000L\000A\000Y\000G\000R\000O\000U\000N\000D\000\040\133\236\226\105\213\241\173\227\166\204\121\205\133\271}{section.1}% 3
\BOOKMARK [1][-]{section.2}{\376\377\145\207\163\056\133\371\136\224\377\032\124\004\173\307\215\041\163\056\116\206\116\300\116\110}{}% 4
\BOOKMARK [1][-]{section.3}{\376\377\127\120\150\007\174\373\060\001\133\374\217\150\127\372\136\247\116\016\000\040\000f\000l\000a\000n\000g\000e\000\040\126\376\123\141}{}% 5
\BOOKMARK [2][-]{subsection.3.1}{\376\377\116\026\165\114\117\115\131\377\116\016\166\370\133\371\117\115\131\377}{section.3}% 6
\BOOKMARK [2][-]{subsection.3.2}{\376\377\133\374\217\150\213\361\133\374\166\204\217\164\127\120\150\007\174\373}{section.3}% 7
\BOOKMARK [2][-]{subsection.3.3}{\376\377\000T\000C\000P\000\040\122\060\000\040\000f\000l\000a\000n\000g\000e}{section.3}% 8
\BOOKMARK [2][-]{subsection.3.4}{\376\377\116\135\176\364\000\040\000y\000a\000w\000\040\116\015\123\330\000\040\000f\000l\000a\000n\000g\000e\000\040\135\114\121\145}{section.3}% 9
\BOOKMARK [1][-]{section.4}{\376\377\147\011\173\046\123\367\123\357\217\276\127\072}{}% 10
\BOOKMARK [2][-]{subsection.4.1}{\376\377\133\232\116\111}{section.4}% 11
\BOOKMARK [2][-]{subsection.4.2}{\376\377\217\223\121\145\137\122\116\000\123\026\116\016\120\205\221\314\123\366\162\171\137\201}{section.4}% 12
\BOOKMARK [2][-]{subsection.4.3}{\376\377\177\121\176\334\176\323\147\204}{section.4}% 13
\BOOKMARK [2][-]{subsection.4.4}{\376\377\145\057\144\221\127\337\133\210\123\153}{section.4}% 14
\BOOKMARK [2][-]{subsection.4.5}{\376\377\116\026\165\114\174\373\142\123\122\006\377\010\000I\000R\000D\000\040\160\271\147\345\213\342\377\011}{section.4}% 15
\BOOKMARK [1][-]{section.5}{\376\377\130\360\146\016\166\204\000\040\000S\000E\000\050\0003\000\051\000\040\136\246\221\317\116\016\213\255\176\303\166\356\150\007}{}% 16
\BOOKMARK [2][-]{subsection.5.1}{\376\377\136\246\221\317}{section.5}% 17
\BOOKMARK [2][-]{subsection.5.2}{\376\377\000S\000t\000e\000n\000c\000i\000l\000\040\166\321\167\143}{section.5}% 18
\BOOKMARK [2][-]{subsection.5.3}{\376\377\143\137\131\061\121\375\145\160}{section.5}% 19
\BOOKMARK [1][-]{section.6}{\376\377\123\357\137\256\226\306\124\010\147\345\213\342}{}% 20
\BOOKMARK [2][-]{subsection.6.1}{\376\377\134\100\220\350\117\115\131\377\142\160\122\250}{section.6}% 21
\BOOKMARK [2][-]{subsection.6.2}{\376\377\137\122\116\000\123\026\000\040\000s\000o\000f\000t\000m\000i\000n\000\040\116\016\000\040\000s\000o\000f\000t\000m\000a\000x}{section.6}% 22
\BOOKMARK [2][-]{subsection.6.3}{\376\377\000R\000e\000g\000i\000o\000n\000\040\000A\377\032\116\015\170\156\133\232\166\322\000\040\000x\000\040\134\017\225\045\377\010\000s\000o\000f\000t\000m\000i\000n\377\011}{section.6}% 23
\BOOKMARK [2][-]{subsection.6.4}{\376\377\116\373\122\241\225\045\377\032\000t\000i\000p\000\040\000x\000\040\000r\000o\000l\000l\000\040\201\352\165\061\226\306\377\010\000s\000o\000f\000t\000m\000a\000x\377\011}{section.6}% 24
\BOOKMARK [2][-]{subsection.6.5}{\376\377\135\114\131\127\201\352\165\061\000\040\000x\000\040\116\015\170\156\133\232\147\345\213\342\377\010\000S\000e\000t\000Q\000u\000e\000r\000y\377\011}{section.6}% 25
\BOOKMARK [1][-]{section.7}{\376\377\116\072\117\125\000\040\000I\000R\000D\000\040\150\257\136\246\133\130\127\050\116\024\147\011\165\050}{}% 26
\BOOKMARK [2][-]{subsection.7.1}{\376\377\000I\000R\000D\000\040\160\271\147\345\213\342\116\012\166\204\224\376\137\017\154\325\122\031}{section.7}% 27
\BOOKMARK [2][-]{subsection.7.2}{\376\377\147\141\116\366\225\045\147\345\213\342\166\204\150\257\136\246}{section.7}% 28
\BOOKMARK [2][-]{subsection.7.3}{\376\377\210\100\173\241\210\150\227\142\117\213\133\120\000\040\000\050\000t\000h\000e\000t\000a\000,\000\040\000y\000\051}{section.7}% 29
\BOOKMARK [1][-]{section.8}{\376\377\217\150\217\371\173\227\133\120\116\016\127\050\176\277\146\364\145\260}{}% 30
\BOOKMARK [2][-]{subsection.8.1}{\376\377\200\132\124\010\230\172\136\217}{section.8}% 31
\BOOKMARK [2][-]{subsection.8.2}{\376\377\000S\000E\000\050\0003\000\051\000\040\215\357\137\204\143\322\120\074}{section.8}% 32
\BOOKMARK [2][-]{subsection.8.3}{\376\377\220\020\215\357\160\271\116\016\215\357\137\204\210\325\136\246}{section.8}% 33
\BOOKMARK [2][-]{subsection.8.4}{\376\377\116\072\117\125\146\157\211\302\226\217\217\150\217\371\146\364\145\260}{section.8}% 34
\BOOKMARK [2][-]{subsection.8.5}{\376\377\121\170\127\213\117\030\123\026\166\356\150\007}{section.8}% 35
\BOOKMARK [1][-]{section.9}{\376\377\172\357\122\060\172\357\116\244\143\142\126\376}{}% 36
\BOOKMARK [1][-]{section.10}{\376\377\203\003\126\364\060\001\117\335\213\301\116\016\227\136\166\356\150\007}{}% 37
\BOOKMARK [1][-]{section.11}{\376\377\173\046\123\367\210\150}{}% 38
\BOOKMARK [1][-]{section.12}{\376\377\123\302\200\003\145\207\163\056}{}% 39
\BOOKMARK [1][-]{appendix.A}{\376\377\116\343\170\001\116\016\121\154\137\017\133\371\161\147}{}% 40
